23:02:24 **** Incremental Build of configuration Debug for project question2 ****
make -j12 all 
arm-none-eabi-gcc "../Core/Src/button.c" -mcpu=cortex-m3 -std=gnu11 -g3 -DDEBUG -DUSE_HAL_DRIVER -DSTM32F103x6 -c -I../Core/Inc -I../Drivers/STM32F1xx_HAL_Driver/Inc -I../Drivers/STM32F1xx_HAL_Driver/Inc/Legacy -I../Drivers/CMSIS/Device/ST/STM32F1xx/Include -I../Drivers/CMSIS/Include -O0 -ffunction-sections -fdata-sections -Wall -fstack-usage -MMD -MP -MF"Core/Src/button.d" -MT"Core/Src/button.o" --specs=nano.specs -mfloat-abi=soft -mthumb -o "Core/Src/button.o"
arm-none-eabi-gcc -o "question2.elf" @"objects.list"   -mcpu=cortex-m3 -T"C:\Users\ACER\STM32CubeIDE\workspace_1.7.0\final\question2\question2\STM32F103C6UX_FLASH.ld" --specs=nosys.specs -Wl,-Map="question2.map" -Wl,--gc-sections -static --specs=nano.specs -mfloat-abi=soft -mthumb -Wl,--start-group -lc -lm -Wl,--end-group
Finished building target: question2.elf
 
arm-none-eabi-size   question2.elf 
arm-none-eabi-objdump -h -S  question2.elf  > "question2.list"
arm-none-eabi-objcopy  -O binary  question2.elf  "question2.bin"
   text	   data	    bss	    dec	    hex	filename
   8344	     76	   1724	  10144	   27a0	question2.elf
Finished building: default.size.stdout
 
Finished building: question2.bin
 
Finished building: question2.list
 

23:02:26 Build Finished. 0 errors, 0 warnings. (took 2s.167ms)

